I'm sorry, but errors were detected in your script. Please correct the
errors listed below, and try again.


The label Talata_5_through_8_script is defined twice, at File "game/scripts/Talata_5-8/Talata_5-8.rpyc", line 4:
x쐹t\swia9gU=<U])*SoE_$]N4&fS`P'F(s3M<6	slM&Vmi/>k"%؍_Ov#e%6Mk+Ҡ칏~xaEQ,]ORz5QM<$f~`xC{"\6fN7Y/U11@q*eW
and File "game/scripts/Talata_5-8/Talata_5-8_script.rpy", line 4:
x쐹t\swia9gU=<U])*SoE_$]N4&fS`P'F(s3M<6	slM&Vmi/>k"%؍_Ov#e%6Mk+Ҡ칏~xaEQ,]ORz5QM<$f~`xC{"\6fN7Y/U11@q*eW


The label Talata_9_through_12_script is defined twice, at File "game/scripts/Talata_9-12/Talata_9-12.rpyc", line 3:
Sxۀ&EBP27sť]UQ߼^ⱬh<HPIzYe A@z4wpl?<sAp,<C즈ݴmbe	;x1m6MsF.S^N,aӔY\e}C
and File "game/scripts/Talata_9-12/Talata_9-12_script.rpy", line 3:
Sxۀ&EBP27sť]UQ߼^ⱬh<HPIzYe A@z4wpl?<sAp,<C즈ݴmbe	;x1m6MsF.S^N,aӔY\e}C


Ren'Py Version: Ren'Py 7.4.11.2266
Sat Feb  5 18:40:54 2022
